<?php return array (
  0 => 'Symfony\\Bundle\\FrameworkBundle\\Controller\\AbstractController',
  1 => 'App\\Controller\\AdMessagesController',
  2 => 'App\\Controller\\AdSearchController',
  3 => 'App\\Controller\\Admin\\AdsController',
  4 => 'App\\Controller\\Admin\\PostsController',
  5 => 'App\\Controller\\Admin\\UsersController',
  6 => 'App\\Controller\\AdsController',
  7 => 'App\\Controller\\BibliothequeController',
  8 => 'App\\Controller\\CandController',
  9 => 'App\\Controller\\ContactInfosController',
  10 => 'App\\Controller\\HomeController',
  11 => 'App\\Controller\\ResetPasswordController',
  12 => 'App\\Controller\\SecurityController',
  13 => 'App\\Controller\\UserProfileController',
  14 => 'App\\Entity\\AcquereurCandidature',
  15 => 'App\\Entity\\Ad',
  16 => 'App\\Entity\\AdActeursOperation',
  17 => 'App\\Entity\\AdImages',
  18 => 'App\\Entity\\AdMessages',
  19 => 'App\\Entity\\AdPresentationProjet',
  20 => 'App\\Entity\\AdSubscription',
  21 => 'App\\Entity\\AdType',
  22 => 'App\\Entity\\BodyText',
  23 => 'App\\Entity\\Candidature',
  24 => 'App\\Entity\\CandidatureLight',
  25 => 'App\\Entity\\ContactInfos',
  26 => 'App\\Entity\\Countries',
  27 => 'App\\Entity\\Credit',
  28 => 'App\\Entity\\DetailsAd',
  29 => 'App\\Entity\\Image',
  30 => 'App\\Entity\\LogementActuel',
  31 => 'App\\Entity\\LogementDesire',
  32 => 'App\\Entity\\MediaAds',
  33 => 'App\\Entity\\MotivationParticipation',
  34 => 'App\\Entity\\Post',
  35 => 'App\\Entity\\PostCategories',
  36 => 'App\\Entity\\PresentationAd',
  37 => 'App\\Entity\\ResponseMessageCandidature',
  38 => 'App\\Entity\\Role',
  39 => 'App\\Entity\\SituationProfessionnelFinanciere',
  40 => 'App\\Entity\\User',
  41 => 'App\\Entity\\UserContactInfos',
  42 => 'Doctrine\\Bundle\\DoctrineBundle\\Controller\\ProfilerController',
  43 => 'Doctrine\\ORM\\Cache\\Persister\\Entity\\AbstractEntityPersister',
  44 => 'Doctrine\\ORM\\Cache\\Persister\\Entity\\CachedEntityPersister',
  45 => 'Doctrine\\ORM\\Cache\\Persister\\Entity\\NonStrictReadWriteCachedEntityPersister',
  46 => 'Doctrine\\ORM\\Cache\\Persister\\Entity\\ReadOnlyCachedEntityPersister',
  47 => 'Doctrine\\ORM\\Cache\\Persister\\Entity\\ReadWriteCachedEntityPersister',
  48 => 'Doctrine\\ORM\\Persisters\\Entity\\AbstractEntityInheritancePersister',
  49 => 'Doctrine\\ORM\\Persisters\\Entity\\BasicEntityPersister',
  50 => 'Doctrine\\ORM\\Persisters\\Entity\\CachedPersisterContext',
  51 => 'Doctrine\\ORM\\Persisters\\Entity\\EntityPersister',
  52 => 'Doctrine\\ORM\\Persisters\\Entity\\JoinedSubclassPersister',
  53 => 'Doctrine\\ORM\\Persisters\\Entity\\SingleTablePersister',
  54 => 'FM\\ElfinderBundle\\Controller\\ElFinderController',
  55 => 'FOS\\JsRoutingBundle\\Controller\\Controller',
  57 => 'Symfony\\Bundle\\FrameworkBundle\\Controller\\ControllerResolver',
  58 => 'Symfony\\Bundle\\FrameworkBundle\\Controller\\RedirectController',
  59 => 'Symfony\\Bundle\\FrameworkBundle\\Controller\\TemplateController',
  60 => 'Symfony\\Bundle\\WebProfilerBundle\\Controller\\ExceptionPanelController',
  61 => 'Symfony\\Bundle\\WebProfilerBundle\\Controller\\ProfilerController',
  62 => 'Symfony\\Bundle\\WebProfilerBundle\\Controller\\RouterController',
  63 => 'Symfony\\Component\\HttpKernel\\Controller\\ArgumentResolver',
  64 => 'Symfony\\Component\\HttpKernel\\Controller\\ArgumentResolverInterface',
  65 => 'Symfony\\Component\\HttpKernel\\Controller\\ArgumentResolver\\DefaultValueResolver',
  66 => 'Symfony\\Component\\HttpKernel\\Controller\\ArgumentResolver\\NotTaggedControllerValueResolver',
  67 => 'Symfony\\Component\\HttpKernel\\Controller\\ArgumentResolver\\RequestAttributeValueResolver',
  68 => 'Symfony\\Component\\HttpKernel\\Controller\\ArgumentResolver\\RequestValueResolver',
  69 => 'Symfony\\Component\\HttpKernel\\Controller\\ArgumentResolver\\ServiceValueResolver',
  70 => 'Symfony\\Component\\HttpKernel\\Controller\\ArgumentResolver\\SessionValueResolver',
  71 => 'Symfony\\Component\\HttpKernel\\Controller\\ArgumentResolver\\TraceableValueResolver',
  72 => 'Symfony\\Component\\HttpKernel\\Controller\\ArgumentResolver\\VariadicValueResolver',
  73 => 'Symfony\\Component\\HttpKernel\\Controller\\ArgumentValueResolverInterface',
  74 => 'Symfony\\Component\\HttpKernel\\Controller\\ContainerControllerResolver',
  75 => 'Symfony\\Component\\HttpKernel\\Controller\\ControllerReference',
  76 => 'Symfony\\Component\\HttpKernel\\Controller\\ControllerResolver',
  77 => 'Symfony\\Component\\HttpKernel\\Controller\\ControllerResolverInterface',
  78 => 'Symfony\\Component\\HttpKernel\\Controller\\ErrorController',
  79 => 'Symfony\\Component\\HttpKernel\\Controller\\TraceableArgumentResolver',
  80 => 'Symfony\\Component\\HttpKernel\\Controller\\TraceableControllerResolver',
  81 => 'Symfony\\Component\\Security\\Http\\Controller\\UserValueResolver',
  82 => 'Vich\\UploaderBundle\\Entity\\File',
);